// Jest Snapshot v1, https://jestjs.io/docs/snapshot-testing

exports[`allowScalarValueIsEmptySpace "allowScalarValueIsEmptySpace/body_assambler.yaml" 1`] = `
"Invalid SYNTAX [EMPTY_VALUE]. key: 1, node: " ", " " in value near " aa
        - " "
        - bb
", prev: "aa", next: "bb", parent: [chara_creator,body_form_female,stature,normal]"
`;
